[joshbk1.wixsite.com/joshtutor.html]
[www.wix.com/favicon.ico]
[static.parastorage.com/unpkg/core-js-bundle@3.2.1/minified.js]
[static.parastorage.com/unpkg/focus-within-polyfill@5.0.9/dist/focus-within-polyfill.js]
[backblue.gif]
[fade.gif]
[index.html]
[polyfill.io/v3/polyfill.mind82c.js]
[browser.sentry-cdn.com/6.19.1/bundle.tracing.min.js]
[joshbk1.wixsite.com/decodeURIComponent(e]
[joshbk1.wixsite.com/sitemap.xml]
[joshbk1.wixsite.com/feed.xml]
[static.parastorage.com/services/wix-thunderbolt/dist/bootstrap-features.bec8a0f6.bundle.min.js]
[static.parastorage.com/services/wix-thunderbolt/dist/main.590f0ed9.bundle.min.js]
[static.parastorage.com/unpkg/lodash@4.17.21/lodash.min.js]
[static.parastorage.com/services/tag-manager-client/1.427.0/siteTags.bundle.min.js]
[static.parastorage.com/services/wix-perf-measure/1.756.0/wix-perf-measure.bundle.min.js]
[joshbk1.wixsite.com/index.html]
[static.parastorage.com/unpkg/react-dom@16.13.1/umd/react-dom.production.min.js]
[static.parastorage.com/services/editor-elements/dist/media/sloppyframe.d6793e19.png]
[joshbk1.wixsite.com/16e44c05.min.11.delayed]
[joshbk1.wixsite.com/da6c52cb.min.css]
[joshbk1.wixsite.com/b604fd33.min.css]
[joshbk1.wixsite.com/45242c23.min.css]
[joshbk1.wixsite.com/7c602eb2.min.css]
[joshbk1.wixsite.com/5b26625f.min.css]
[joshbk1.wixsite.com/f52e40aa.min.css]
[joshbk1.wixsite.com/47b73115.min.css]
[joshbk1.wixsite.com/430436e2.chunk.min.js]
[joshbk1.wixsite.com/fdb8d3c8.chunk.min.js]
[joshbk1.wixsite.com/rb_wixui.thunderbolt_bootstrap-classic.7d3d63aa.chunk.min.js]
[joshbk1.wixsite.com/rb_wixui.thunderbolt_bootstrap-responsive.a66c1914.chunk.min.css]
[joshbk1.wixsite.com/rb_wixui.thunderbolt_bootstrap-responsive.fdb8d3c8.chunk.min.js]
[joshbk1.wixsite.com/rb_wixui.thunderbolt_common-site-members-dialogs.e6a271c3.chunk.min.css]
[joshbk1.wixsite.com/rb_wixui.thunderbolt_common-site-members-dialogs.fd411e5f.chunk.min.js]
[joshbk1.wixsite.com/rb_wixui.thunderbolt_bootstrap.5641211f.chunk.min.css]
[joshbk1.wixsite.com/rb_wixui.thunderbolt_bootstrap.430436e2.chunk.min.js]
[joshbk1.wixsite.com/joshtutor/blank-1.html]
[joshbk1.wixsite.com/joshtutor/blank-2.html]
[joshbk1.wixsite.com/joshtutor/blank-5.html]
[joshbk1.wixsite.com/joshtutor/blank-3.html]
[joshbk1.wixsite.com/joshtutor/blank-4.html]
[joshbk1.wixsite.com/joshtutor/plans-pricing.html]
[static.wixstatic.com/media/f027764dafe4460290c7a59a0a10eed5.jpg/v1/fill/w_245,h_163,al_c,q_80,usm_0.66_1.00_0.01,blur_2,enc_auto/f027764dafe4460290c7a59a0a10eed5.jpg]
[joshbk1.wixsite.com/joshtutor/book-online.html]
[images-vod.wixmp.com/d0220cbc-4355-4bc0-8ebe-53e9ab8843ba/images/19562cc5f5874d7693c4fad0af46db12_mv2/v1/fill/w_940,h_529,q_85,usm_0.66_1.00_0.01/file.jpg]
[images-vod.wixmp.com/d0220cbc-4355-4bc0-8ebe-53e9ab8843ba/images/c379a7f4f6984160812510e934ae94e5_mv2/v1/fill/w_307,h_173,q_85,usm_0.66_1.00_0.01/file.jpg]
[images-vod.wixmp.com/d0220cbc-4355-4bc0-8ebe-53e9ab8843ba/images/3f06dfa2780e4a7c9c482173aa5fc3d2_mv2/v1/fill/w_307,h_173,q_85,usm_0.66_1.00_0.01/file.jpg]
[images-vod.wixmp.com/d0220cbc-4355-4bc0-8ebe-53e9ab8843ba/images/29ef74e2f66a484d98e30a79bd0edf8e_mv2/v1/fill/w_307,h_173,q_85,usm_0.66_1.00_0.01/file.jpg]
[joshbk1.wixsite.com/joshtutor.html]
[joshbk1.wixsite.com/decodeURIComponent(e.html]
[joshbk1.wixsite.com/index.html]
[joshbk1.wixsite.com/joshtutor8642.html]
[joshbk1.wixsite.com/joshtutor/decodeURIComponent(e]
[joshbk1.wixsite.com/joshtutor/robots.txt]
[joshbk1.wixsite.com/joshtutor/sitemap.xml]
[joshbk1.wixsite.com/joshtutor/feed.xml]
[joshbk1.wixsite.com/joshtutor/16e44c05.min.css]
[joshbk1.wixsite.com/joshtutor/da6c52cb.min.css]
[joshbk1.wixsite.com/joshtutor/b604fd33.min.css]
[joshbk1.wixsite.com/joshtutor/45242c23.min.css]
[joshbk1.wixsite.com/joshtutor/5b26625f.min.css]
[joshbk1.wixsite.com/joshtutor/47b73115.min.css]
[joshbk1.wixsite.com/joshtutor/430436e2.chunk.min.js]
[joshbk1.wixsite.com/joshtutor/fdb8d3c8.chunk.min.js]
[joshbk1.wixsite.com/joshtutor/rb_wixui.thunderbolt_bootstrap-classic.14191956.chunk.min.js]
[joshbk1.wixsite.com/joshtutor/rb_wixui.thunderbolt_bootstrap-responsive.a66c1914.chunk.min.css]
[joshbk1.wixsite.com/joshtutor/rb_wixui.thunderbolt_bootstrap-responsive.fdb8d3c8.chunk.min.js]
[joshbk1.wixsite.com/joshtutor/rb_wixui.thunderbolt_bootstrap.5641211f.chunk.min.css]
[joshbk1.wixsite.com/joshtutor/rb_wixui.thunderbolt_bootstrap.430436e2.chunk.min.js]
[static.wixstatic.com/media/c3401269172848ea9a1b42592f2fc6a1.jpg/v1/fill/w_4,h_4,al_c,q_80,usm_0.66_1.00_0.01,blur_3,enc_auto/c3401269172848ea9a1b42592f2fc6a1.jpg]
[static.wixstatic.com/media/51f3ac5c175b4a59a11269529ee1d860.jpg/v1/fill/w_4,h_3,al_c,q_80,usm_0.66_1.00_0.01,blur_3,enc_auto/51f3ac5c175b4a59a11269529ee1d860.jpg]
[joshbk1.wixsite.com/joshtutor/blank-1.html]
[static.wixstatic.com/media/c0e975f8d3364f269ae90daca1da6864.jpg/v1/fill/w_4,h_4,al_c,q_80,usm_0.66_1.00_0.01,blur_3,enc_auto/c0e975f8d3364f269ae90daca1da6864.jpg]
[browser.sentry-cdn.com/6.18.2/bundle.min.js]
[static.parastorage.com/services/wix-thunderbolt/dist/bootstrap-features.d71026eb.bundle.min.js]
[joshbk1.wixsite.com/joshtutor/blank-2.html]
[joshbk1.wixsite.com/joshtutor/blank-3.html]
[joshbk1.wixsite.com/joshtutor/blank-4.html]
[static.parastorage.com/services/wix-thunderbolt/dist/main.fc18e23a.bundle.min.js]
[joshbk1.wixsite.com/joshtutor/7c602eb2.min.css]
[joshbk1.wixsite.com/joshtutor/rb_wixui.thunderbolt_common-site-members-dialogs.e6a271c3.chunk.min.css]
[joshbk1.wixsite.com/joshtutor/rb_wixui.thunderbolt_common-site-members-dialogs.fd411e5f.chunk.min.js]
[static.wixstatic.com/media/a59c6ac312a34f0d85792d37342b3130.jpg/v1/fill/w_12,h_8,al_c,q_80,usm_0.66_1.00_0.01,blur_3,enc_auto/a59c6ac312a34f0d85792d37342b3130.jpg]
[joshbk1.wixsite.com/joshtutor/blank-5.html]
[joshbk1.wixsite.com/joshtutor/plans-pricing.html]
[joshbk1.wixsite.com/joshtutor/book-online.html]
[joshbk1.wixsite.com/joshtutor8642.html]
[joshbk1.wixsite.com/joshtutor/decodeURIComponent(e.html]
[polyfill.io/v3/polyfill.mind82c.js]
[joshbk1.wixsite.com/decodeURIComponent(e.html]
[joshbk1.wixsite.com/sitemap.html]
[joshbk1.wixsite.com/feed.html]
[joshbk1.wixsite.com/index.html]
[images-vod.wixmp.com/d0220cbc-4355-4bc0-8ebe-53e9ab8843ba/images/19562cc5f5874d7693c4fad0af46db12_mv2/v1/fill/w_940,h_529,q_85,usm_0.66_1.00_0.01/file.jpg]
[joshbk1.wixsite.com/16e44c05.min.html]
[joshbk1.wixsite.com/da6c52cb.min.html]
[images-vod.wixmp.com/d0220cbc-4355-4bc0-8ebe-53e9ab8843ba/images/c379a7f4f6984160812510e934ae94e5_mv2/v1/fill/w_307,h_173,q_85,usm_0.66_1.00_0.01/file.jpg]
[joshbk1.wixsite.com/b604fd33.min.html]
[images-vod.wixmp.com/d0220cbc-4355-4bc0-8ebe-53e9ab8843ba/images/3f06dfa2780e4a7c9c482173aa5fc3d2_mv2/v1/fill/w_307,h_173,q_85,usm_0.66_1.00_0.01/file.jpg]
[joshbk1.wixsite.com/45242c23.min.html]
[joshbk1.wixsite.com/7c602eb2.min.html]
[joshbk1.wixsite.com/5b26625f.min.html]
[images-vod.wixmp.com/d0220cbc-4355-4bc0-8ebe-53e9ab8843ba/images/29ef74e2f66a484d98e30a79bd0edf8e_mv2/v1/fill/w_307,h_173,q_85,usm_0.66_1.00_0.01/file.jpg]
[joshbk1.wixsite.com/f52e40aa.min.html]
[joshbk1.wixsite.com/47b73115.min.html]
[joshbk1.wixsite.com/joshtutor/sitemap.xml]
[joshbk1.wixsite.com/430436e2.chunk.min.html]
[static.parastorage.com/unpkg/react@16.13.1/umd/react.production.min.js]
[joshbk1.wixsite.com/fdb8d3c8.chunk.min.html]
[joshbk1.wixsite.com/rb_wixui.thunderbolt_bootstrap-classic.7d3d63aa.chunk.min.html]
[joshbk1.wixsite.com/rb_wixui.thunderbolt_bootstrap-responsive.a66c1914.chunk.min.html]
[joshbk1.wixsite.com/rb_wixui.thunderbolt_bootstrap-responsive.fdb8d3c8.chunk.min.html]
[joshbk1.wixsite.com/rb_wixui.thunderbolt_common-site-members-dialogs.e6a271c3.chunk.min.html]
[joshbk1.wixsite.com/rb_wixui.thunderbolt_common-site-members-dialogs.fd411e5f.chunk.min.html]
[joshbk1.wixsite.com/rb_wixui.thunderbolt_bootstrap.5641211f.chunk.min.html]
[joshbk1.wixsite.com/rb_wixui.thunderbolt_bootstrap.430436e2.chunk.min.html]
[static.parastorage.com/services/third-party/fonts/user-site-fonts/fonts/d17bc040-9e8b-4397-8356-8153f4a64edf.svg]
[static.parastorage.com/services/third-party/fonts/user-site-fonts/fonts/66cac56e-d017-4544-9d0c-f7d978f0c5c2.svg]
[static.parastorage.com/services/third-party/fonts/user-site-fonts/fonts/9c58e9ea-fdea-4b9c-b0f9-0a2157389ed0.svg]
[static.parastorage.com/services/third-party/fonts/user-site-fonts/fonts/b0268c31-e450-4159-bfea-e0d20e2b5c0c.svg]
[static.parastorage.com/services/third-party/fonts/user-site-fonts/fonts/ab9cd062-380f-4b53-b1a7-c0bec7402235.svg]
[joshbk1.wixsite.com/joshtutor8642.html]
[joshbk1.wixsite.com/joshtutor/decodeURIComponent(e.html]
[joshbk1.wixsite.com/joshtutor/robots.html]
[joshbk1.wixsite.com/joshtutor/feed.html]
[joshbk1.wixsite.com/joshtutor/16e44c05.min.html]
[joshbk1.wixsite.com/joshtutor/da6c52cb.min.html]
[joshbk1.wixsite.com/joshtutor/b604fd33.min.html]
[joshbk1.wixsite.com/joshtutor/45242c23.min.html]
[joshbk1.wixsite.com/joshtutor/5b26625f.min.html]
[joshbk1.wixsite.com/joshtutor/47b73115.min.html]
[joshbk1.wixsite.com/joshtutor/430436e2.chunk.min.html]
[joshbk1.wixsite.com/joshtutor/fdb8d3c8.chunk.min.html]
[joshbk1.wixsite.com/joshtutor/rb_wixui.thunderbolt_bootstrap-classic.14191956.chunk.min.html]
[joshbk1.wixsite.com/joshtutor/rb_wixui.thunderbolt_bootstrap-responsive.a66c1914.chunk.min.html]
[joshbk1.wixsite.com/joshtutor/rb_wixui.thunderbolt_bootstrap-responsive.fdb8d3c8.chunk.min.html]
[joshbk1.wixsite.com/joshtutor/rb_wixui.thunderbolt_bootstrap.5641211f.chunk.min.html]
[joshbk1.wixsite.com/joshtutor/rb_wixui.thunderbolt_bootstrap.430436e2.chunk.min.html]
[joshbk1.wixsite.com/joshtutor/7c602eb2.min.html]
[joshbk1.wixsite.com/joshtutor/rb_wixui.thunderbolt_common-site-members-dialogs.e6a271c3.chunk.min.html]
[joshbk1.wixsite.com/joshtutor/rb_wixui.thunderbolt_common-site-members-dialogs.fd411e5f.chunk.min.html]
